// Jest Snapshot v1, https://goo.gl/fbAQLP

exports[`NotFound Snapshot NotFound Snapshot 1`] = `
<div
  className="not-found"
>
  <h1>
    404
  </h1>
  <p>
    Page not found
  </p>
</div>
`;
