// Jest Snapshot v1, https://goo.gl/fbAQLP

exports[`DownArrow Snapshot DownArrow Snapshot 1`] = `
<button
  onClick={[Function]}
  type="button"
>
  <i
    className="fas fa-arrow-circle-right down-arrow"
  />
</button>
`;
